// Vitest Snapshot v1

exports[`utils test > should load root package.json scripts 1`] = `
[
  {
    "build": "rimraf dist && tsc",
    "coverage": "vitest run --coverage",
    "dev": "rimraf dist && tsc -w",
    "fmt": "rome format src --write",
    "lint": "rome check src",
    "pub": "node dist/index.js publish",
    "test": "vitest",
  },
]
`;

exports[`utils test > should load singlerepo root package.json file 1`] = `
[
  {
    "author": "lijiahao <lijiahao5372@gmail.com>",
    "bin": {
      "sparkee": "dist/index.js",
      "spk": "dist/index.js",
    },
    "dependencies": {
      "chalk": "^4.1.2",
      "consola": "^2.15.3",
      "dayjs": "^1.11.7",
      "fs-extra": "^10.1.0",
      "git-cliff": "1.1.2",
      "glob": "^8.0.3",
      "inquirer": "^8.2.4",
      "jsonfile": "^6.1.0",
      "read-yaml-file": "^2.1.0",
      "rimraf": "^3.0.2",
      "semver": "^7.3.7",
      "shelljs": "^0.8.5",
      "shelljs-live": "^0.0.5",
      "yargs": "^17.5.1",
    },
    "description": "A publish tool for monorepo,just like lerna but support pnpm.",
    "devDependencies": {
      "@types/fs-extra": "^11.0.1",
      "@types/glob": "^8.0.1",
      "@types/jsonfile": "^6.1.1",
      "@types/node": "^17.0.43",
      "@types/shelljs": "^0.8.11",
      "@types/yargs": "^17.0.10",
      "rome": "^11.0.0",
      "typescript": "^4.9.4",
      "vitest": "^0.28.4",
    },
    "keywords": [
      "monorepo",
      "pnpm",
    ],
    "license": "MIT",
    "main": "dist/index.js",
    "name": "sparkee",
    "optionalDependencies": {
      "git-cliff-darwin-arm64": "1.1.2",
      "git-cliff-darwin-x64": "1.1.2",
      "git-cliff-linux-arm64": "1.1.2",
      "git-cliff-linux-x64": "1.1.2",
      "git-cliff-windows-arm64": "1.1.2",
      "git-cliff-windows-x64": "1.1.2",
    },
    "repository": {
      "type": "git",
      "url": "git+https://github.com/Geocld/sparkee",
    },
    "scripts": {
      "build": "rimraf dist && tsc",
      "coverage": "vitest run --coverage",
      "dev": "rimraf dist && tsc -w",
      "fmt": "rome format src --write",
      "lint": "rome check src",
      "pub": "node dist/index.js publish",
      "test": "vitest",
    },
    "version": "1.2.0",
  },
]
`;
